// Bun Snapshot v1, https://bun.sh/docs/test/snapshots

exports[`lint complex order example captures every violation in a mixed order, one issue per rule 1`] = `
[
  {
    "message": "a cart must declare a shipping method",
    "path": "/cart",
    "source": "cart",
  },
  {
    "message": "a product must have a sku",
    "path": "/cart/product",
    "source": "product",
  },
  {
    "message": "a product must have a string name, a positive numeric price, and a positive integer quantity",
    "path": "/cart/product",
    "source": "product",
  },
  {
    "message": "only one discount is allowed per product",
    "path": "/cart/product/discount",
    "source": "discount 5",
  },
  {
    "message": "a variant must have a string color and a string size",
    "path": "/cart/product/variant",
    "source": "variant",
  },
]
`;

exports[`lint full lint report captures every rule kind against a realistic multi-block config 1`] = `
[
  {
    "directive": {
      "args": [
        "3000",
      ],
      "name": "port",
    },
    "loc": {
      "end": {
        "column": 13,
        "line": 1,
        "offset": 22,
        "paddingLine": 2,
      },
      "start": {
        "column": 7,
        "line": 1,
        "offset": 16,
        "paddingLine": 2,
      },
    },
    "message": "The first argument of /server/port must be a number, not a string",
    "path": "/server/port",
    "severity": "error",
    "source": ""3000"",
  },
  {
    "directive": {
      "args": [
        404,
      ],
      "name": "location",
    },
    "loc": {
      "end": {
        "column": 12,
        "line": 7,
        "offset": 84,
        "paddingLine": 0,
      },
      "start": {
        "column": 0,
        "line": 7,
        "offset": 72,
        "paddingLine": 0,
      },
    },
    "message": "The first argument of /location must be an absolute path starting with /",
    "path": "/location",
    "severity": "error",
    "source": "location 404",
  },
  {
    "directive": {
      "args": [
        404,
      ],
      "name": "location",
    },
    "loc": {
      "end": {
        "column": 12,
        "line": 7,
        "offset": 84,
        "paddingLine": 0,
      },
      "start": {
        "column": 0,
        "line": 7,
        "offset": 72,
        "paddingLine": 0,
      },
    },
    "message": "A location block must have at least one respond declaration",
    "path": "/location",
    "severity": "error",
    "source": "location 404",
  },
  {
    "directive": {
      "args": [
        200,
      ],
      "name": "respond",
    },
    "loc": {
      "end": {
        "column": 13,
        "line": 4,
        "offset": 55,
        "paddingLine": 2,
      },
      "start": {
        "column": 2,
        "line": 4,
        "offset": 44,
        "paddingLine": 2,
      },
    },
    "message": "Only one respond declaration is allowed per location block",
    "path": "/location/respond",
    "severity": "error",
    "source": "respond 200",
  },
]
`;
