foo123}

------------------------------------------------------------

   0:  66 6F 6F 31 32 33 7D                             [foo123}]

------------------------------------------------------------

Token: [Offset 0 Len 7; Ln 1, Col 1 (Padding 0) -> Ln 1, Col 8 (Padding 0)] Keyword "foo123}"
  Part#1708: [Offset 0 Len 3; Ln 1, Col 1 (Padding 0) -> Ln 1, Col 4 (Padding 0)] Alphabet [66 6F 6F] "foo"
  Part#1709: [Offset 3 Len 3; Ln 1, Col 4 (Padding 0) -> Ln 1, Col 7 (Padding 0)] Int [31 32 33] "123"
  Part#1710: [Offset 6 Len 1; Ln 1, Col 7 (Padding 0) -> Ln 1, Col 8 (Padding 0)] CloseCurlyBrace [7D] "}"
