true false

------------------------------------------------------------

   0:  74 72 75 65 20 66 61 6C 73 65                    [true false]

------------------------------------------------------------

Token: [Offset 0 Len 4; Ln 1, Col 1 (Padding 0) -> Ln 1, Col 5 (Padding 0)] Boolean "true"
  Part#816: [Offset 0 Len 4; Ln 1, Col 1 (Padding 0) -> Ln 1, Col 5 (Padding 0)] Alphabet [74 72 75 65] "true"
Token: [Offset 5 Len 5; Ln 1, Col 6 (Padding 0) -> Ln 1, Col 11 (Padding 0)] Boolean "false"
  Part#818: [Offset 5 Len 5; Ln 1, Col 6 (Padding 0) -> Ln 1, Col 11 (Padding 0)] Alphabet [66 61 6C 73 65] "false"
