name "Node.js CI"

on push

job build {
  runs-on ubuntu-latest

  step <<<
    npm ci

  step <<<
    npm run build --if-present

  step <<<
    npm test
}


------------------------------------------------------------

   0:  6E 61 6D 65 20 22 4E 6F 64 65 2E 6A 73 20 43 49  [name "Node.js CI]
   1:  22 0A 0A 6F 6E 20 70 75 73 68 0A 0A 6A 6F 62 20  ["\n\non push\n\njob ]
   2:  62 75 69 6C 64 20 7B 0A 20 20 72 75 6E 73 2D 6F  [build {\n  runs-o]
   3:  6E 20 75 62 75 6E 74 75 2D 6C 61 74 65 73 74 0A  [n ubuntu-latest\n]
   4:  0A 20 20 73 74 65 70 20 3C 3C 3C 0A 20 20 20 20  [\n  step <<<\n    ]
   5:  6E 70 6D 20 63 69 0A 0A 20 20 73 74 65 70 20 3C  [npm ci\n\n  step <]
   6:  3C 3C 0A 20 20 20 20 6E 70 6D 20 72 75 6E 20 62  [<<\n    npm run b]
   7:  75 69 6C 64 20 2D 2D 69 66 2D 70 72 65 73 65 6E  [uild --if-presen]
   8:  74 0A 0A 20 20 73 74 65 70 20 3C 3C 3C 0A 20 20  [t\n\n  step <<<\n  ]
   9:  20 20 6E 70 6D 20 74 65 73 74 0A 7D 0A           [  npm test\n}\n]

------------------------------------------------------------

Token: [Offset 0 Len 4; Ln 1, Col 1 (Padding 0) -> Ln 1, Col 5 (Padding 0)] Keyword "name"
  Part#1384: [Offset 0 Len 4; Ln 1, Col 1 (Padding 0) -> Ln 1, Col 5 (Padding 0)] Alphabet [6E 61 6D 65] "name"
Token: [Offset 5 Len 12; Ln 1, Col 6 (Padding 0) -> Ln 1, Col 18 (Padding 0)] String "\"Node.js CI\""
  Part#1386: [Offset 5 Len 1; Ln 1, Col 6 (Padding 0) -> Ln 1, Col 7 (Padding 0)] DoubleQuote [22] "\""
  Part#1387: [Offset 6 Len 4; Ln 1, Col 7 (Padding 0) -> Ln 1, Col 11 (Padding 0)] Alphabet [4E 6F 64 65] "Node"
  Part#1388: [Offset 10 Len 1; Ln 1, Col 11 (Padding 0) -> Ln 1, Col 12 (Padding 0)] Dot [2E] "."
  Part#1389: [Offset 11 Len 2; Ln 1, Col 12 (Padding 0) -> Ln 1, Col 14 (Padding 0)] Alphabet [6A 73] "js"
  Part#1390: [Offset 13 Len 1; Ln 1, Col 14 (Padding 0) -> Ln 1, Col 15 (Padding 0)] Whitespace [20] " "
  Part#1391: [Offset 14 Len 2; Ln 1, Col 15 (Padding 0) -> Ln 1, Col 17 (Padding 0)] Alphabet [43 49] "CI"
  Part#1392: [Offset 16 Len 1; Ln 1, Col 17 (Padding 0) -> Ln 1, Col 18 (Padding 0)] DoubleQuote [22] "\""
Token: [Offset 17 Len 2; Ln 1, Col 18 (Padding 0) -> Ln 3, Col 1 (Padding 0)] Newline "\n\n"
  Part#1393: [Offset 17 Len 2; Ln 1, Col 18 (Padding 0) -> Ln 3, Col 1 (Padding 0)] Newline [0A 0A] "\n\n"
Token: [Offset 19 Len 2; Ln 3, Col 1 (Padding 0) -> Ln 3, Col 3 (Padding 0)] Keyword "on"
  Part#1394: [Offset 19 Len 2; Ln 3, Col 1 (Padding 0) -> Ln 3, Col 3 (Padding 0)] Alphabet [6F 6E] "on"
Token: [Offset 22 Len 4; Ln 3, Col 4 (Padding 0) -> Ln 3, Col 8 (Padding 0)] Keyword "push"
  Part#1396: [Offset 22 Len 4; Ln 3, Col 4 (Padding 0) -> Ln 3, Col 8 (Padding 0)] Alphabet [70 75 73 68] "push"
Token: [Offset 26 Len 2; Ln 3, Col 8 (Padding 0) -> Ln 5, Col 1 (Padding 0)] Newline "\n\n"
  Part#1397: [Offset 26 Len 2; Ln 3, Col 8 (Padding 0) -> Ln 5, Col 1 (Padding 0)] Newline [0A 0A] "\n\n"
Token: [Offset 28 Len 3; Ln 5, Col 1 (Padding 0) -> Ln 5, Col 4 (Padding 0)] Keyword "job"
  Part#1398: [Offset 28 Len 3; Ln 5, Col 1 (Padding 0) -> Ln 5, Col 4 (Padding 0)] Alphabet [6A 6F 62] "job"
Token: [Offset 32 Len 5; Ln 5, Col 5 (Padding 0) -> Ln 5, Col 10 (Padding 0)] Keyword "build"
  Part#1400: [Offset 32 Len 5; Ln 5, Col 5 (Padding 0) -> Ln 5, Col 10 (Padding 0)] Alphabet [62 75 69 6C 64] "build"
Token: [Offset 38 Len 1; Ln 5, Col 11 (Padding 0) -> Ln 5, Col 12 (Padding 0)] OpenCurlyBrace "{"
  Part#1402: [Offset 38 Len 1; Ln 5, Col 11 (Padding 0) -> Ln 5, Col 12 (Padding 0)] OpenCurlyBrace [7B] "{"
Token: [Offset 39 Len 1; Ln 5, Col 12 (Padding 0) -> Ln 6, Col 1 (Padding 0)] Newline "\n"
  Part#1403: [Offset 39 Len 1; Ln 5, Col 12 (Padding 0) -> Ln 6, Col 1 (Padding 0)] Newline [0A] "\n"
Token: [Offset 42 Len 7; Ln 6, Col 3 (Padding 2) -> Ln 6, Col 10 (Padding 2)] Keyword "runs-on"
  Part#1405: [Offset 42 Len 4; Ln 6, Col 3 (Padding 2) -> Ln 6, Col 7 (Padding 2)] Alphabet [72 75 6E 73] "runs"
  Part#1406: [Offset 46 Len 1; Ln 6, Col 7 (Padding 2) -> Ln 6, Col 8 (Padding 2)] Unknown [2D] "-"
  Part#1407: [Offset 47 Len 2; Ln 6, Col 8 (Padding 2) -> Ln 6, Col 10 (Padding 2)] Alphabet [6F 6E] "on"
Token: [Offset 50 Len 13; Ln 6, Col 11 (Padding 2) -> Ln 6, Col 24 (Padding 2)] Keyword "ubuntu-latest"
  Part#1409: [Offset 50 Len 6; Ln 6, Col 11 (Padding 2) -> Ln 6, Col 17 (Padding 2)] Alphabet [75 62 75 6E 74 75] "ubuntu"
  Part#1410: [Offset 56 Len 1; Ln 6, Col 17 (Padding 2) -> Ln 6, Col 18 (Padding 2)] Unknown [2D] "-"
  Part#1411: [Offset 57 Len 6; Ln 6, Col 18 (Padding 2) -> Ln 6, Col 24 (Padding 2)] Alphabet [6C 61 74 65 73 74] "latest"
Token: [Offset 63 Len 2; Ln 6, Col 24 (Padding 2) -> Ln 8, Col 1 (Padding 2)] Newline "\n\n"
  Part#1412: [Offset 63 Len 2; Ln 6, Col 24 (Padding 2) -> Ln 8, Col 1 (Padding 2)] Newline [0A 0A] "\n\n"
Token: [Offset 67 Len 4; Ln 8, Col 3 (Padding 2) -> Ln 8, Col 7 (Padding 2)] Keyword "step"
  Part#1414: [Offset 67 Len 4; Ln 8, Col 3 (Padding 2) -> Ln 8, Col 7 (Padding 2)] Alphabet [73 74 65 70] "step"
Token: [Offset 72 Len 16; Ln 8, Col 8 (Padding 2) -> Ln 11, Col 1 (Padding 2)] Heredoc "<<<\n    npm ci\n\n"
  Part#1416: [Offset 72 Len 1; Ln 8, Col 8 (Padding 2) -> Ln 8, Col 9 (Padding 2)] Unknown [3C] "<"
  Part#1417: [Offset 73 Len 1; Ln 8, Col 9 (Padding 2) -> Ln 8, Col 10 (Padding 2)] Unknown [3C] "<"
  Part#1418: [Offset 74 Len 1; Ln 8, Col 10 (Padding 2) -> Ln 8, Col 11 (Padding 2)] Unknown [3C] "<"
  Part#1419: [Offset 75 Len 1; Ln 8, Col 11 (Padding 2) -> Ln 9, Col 1 (Padding 2)] Newline [0A] "\n"
  Part#1420: [Offset 76 Len 4; Ln 9, Col 1 (Padding 4) -> Ln 9, Col 5 (Padding 4)] Whitespace [20 20 20 20] "    "
  Part#1421: [Offset 80 Len 3; Ln 9, Col 5 (Padding 4) -> Ln 9, Col 8 (Padding 4)] Alphabet [6E 70 6D] "npm"
  Part#1422: [Offset 83 Len 1; Ln 9, Col 8 (Padding 4) -> Ln 9, Col 9 (Padding 4)] Whitespace [20] " "
  Part#1423: [Offset 84 Len 2; Ln 9, Col 9 (Padding 4) -> Ln 9, Col 11 (Padding 4)] Alphabet [63 69] "ci"
  Part#1424: [Offset 86 Len 2; Ln 9, Col 11 (Padding 4) -> Ln 11, Col 1 (Padding 4)] Newline [0A 0A] "\n\n"
Token: [Offset 90 Len 4; Ln 11, Col 3 (Padding 2) -> Ln 11, Col 7 (Padding 2)] Keyword "step"
  Part#1426: [Offset 90 Len 4; Ln 11, Col 3 (Padding 2) -> Ln 11, Col 7 (Padding 2)] Alphabet [73 74 65 70] "step"
Token: [Offset 95 Len 36; Ln 11, Col 8 (Padding 2) -> Ln 14, Col 1 (Padding 2)] Heredoc "<<<\n    npm run build --if-present\n\n"
  Part#1428: [Offset 95 Len 1; Ln 11, Col 8 (Padding 2) -> Ln 11, Col 9 (Padding 2)] Unknown [3C] "<"
  Part#1429: [Offset 96 Len 1; Ln 11, Col 9 (Padding 2) -> Ln 11, Col 10 (Padding 2)] Unknown [3C] "<"
  Part#1430: [Offset 97 Len 1; Ln 11, Col 10 (Padding 2) -> Ln 11, Col 11 (Padding 2)] Unknown [3C] "<"
  Part#1431: [Offset 98 Len 1; Ln 11, Col 11 (Padding 2) -> Ln 12, Col 1 (Padding 2)] Newline [0A] "\n"
  Part#1432: [Offset 99 Len 4; Ln 12, Col 1 (Padding 4) -> Ln 12, Col 5 (Padding 4)] Whitespace [20 20 20 20] "    "
  Part#1433: [Offset 103 Len 3; Ln 12, Col 5 (Padding 4) -> Ln 12, Col 8 (Padding 4)] Alphabet [6E 70 6D] "npm"
  Part#1434: [Offset 106 Len 1; Ln 12, Col 8 (Padding 4) -> Ln 12, Col 9 (Padding 4)] Whitespace [20] " "
  Part#1435: [Offset 107 Len 3; Ln 12, Col 9 (Padding 4) -> Ln 12, Col 12 (Padding 4)] Alphabet [72 75 6E] "run"
  Part#1436: [Offset 110 Len 1; Ln 12, Col 12 (Padding 4) -> Ln 12, Col 13 (Padding 4)] Whitespace [20] " "
  Part#1437: [Offset 111 Len 5; Ln 12, Col 13 (Padding 4) -> Ln 12, Col 18 (Padding 4)] Alphabet [62 75 69 6C 64] "build"
  Part#1438: [Offset 116 Len 1; Ln 12, Col 18 (Padding 4) -> Ln 12, Col 19 (Padding 4)] Whitespace [20] " "
  Part#1439: [Offset 117 Len 1; Ln 12, Col 19 (Padding 4) -> Ln 12, Col 20 (Padding 4)] Unknown [2D] "-"
  Part#1440: [Offset 118 Len 1; Ln 12, Col 20 (Padding 4) -> Ln 12, Col 21 (Padding 4)] Unknown [2D] "-"
  Part#1441: [Offset 119 Len 2; Ln 12, Col 21 (Padding 4) -> Ln 12, Col 23 (Padding 4)] Alphabet [69 66] "if"
  Part#1442: [Offset 121 Len 1; Ln 12, Col 23 (Padding 4) -> Ln 12, Col 24 (Padding 4)] Unknown [2D] "-"
  Part#1443: [Offset 122 Len 7; Ln 12, Col 24 (Padding 4) -> Ln 12, Col 31 (Padding 4)] Alphabet [70 72 65 73 65 6E 74] "present"
  Part#1444: [Offset 129 Len 2; Ln 12, Col 31 (Padding 4) -> Ln 14, Col 1 (Padding 4)] Newline [0A 0A] "\n\n"
Token: [Offset 133 Len 4; Ln 14, Col 3 (Padding 2) -> Ln 14, Col 7 (Padding 2)] Keyword "step"
  Part#1446: [Offset 133 Len 4; Ln 14, Col 3 (Padding 2) -> Ln 14, Col 7 (Padding 2)] Alphabet [73 74 65 70] "step"
Token: [Offset 138 Len 17; Ln 14, Col 8 (Padding 2) -> Ln 16, Col 1 (Padding 2)] Heredoc "<<<\n    npm test\n"
  Part#1448: [Offset 138 Len 1; Ln 14, Col 8 (Padding 2) -> Ln 14, Col 9 (Padding 2)] Unknown [3C] "<"
  Part#1449: [Offset 139 Len 1; Ln 14, Col 9 (Padding 2) -> Ln 14, Col 10 (Padding 2)] Unknown [3C] "<"
  Part#1450: [Offset 140 Len 1; Ln 14, Col 10 (Padding 2) -> Ln 14, Col 11 (Padding 2)] Unknown [3C] "<"
  Part#1451: [Offset 141 Len 1; Ln 14, Col 11 (Padding 2) -> Ln 15, Col 1 (Padding 2)] Newline [0A] "\n"
  Part#1452: [Offset 142 Len 4; Ln 15, Col 1 (Padding 4) -> Ln 15, Col 5 (Padding 4)] Whitespace [20 20 20 20] "    "
  Part#1453: [Offset 146 Len 3; Ln 15, Col 5 (Padding 4) -> Ln 15, Col 8 (Padding 4)] Alphabet [6E 70 6D] "npm"
  Part#1454: [Offset 149 Len 1; Ln 15, Col 8 (Padding 4) -> Ln 15, Col 9 (Padding 4)] Whitespace [20] " "
  Part#1455: [Offset 150 Len 4; Ln 15, Col 9 (Padding 4) -> Ln 15, Col 13 (Padding 4)] Alphabet [74 65 73 74] "test"
  Part#1456: [Offset 154 Len 1; Ln 15, Col 13 (Padding 4) -> Ln 16, Col 1 (Padding 4)] Newline [0A] "\n"
Token: [Offset 155 Len 1; Ln 16, Col 1 (Padding 0) -> Ln 16, Col 2 (Padding 0)] CloseCurlyBrace "}"
  Part#1457: [Offset 155 Len 1; Ln 16, Col 1 (Padding 0) -> Ln 16, Col 2 (Padding 0)] CloseCurlyBrace [7D] "}"
Token: [Offset 156 Len 1; Ln 16, Col 2 (Padding 0) -> Ln 17, Col 1 (Padding 0)] Newline "\n"
  Part#1458: [Offset 156 Len 1; Ln 16, Col 2 (Padding 0) -> Ln 17, Col 1 (Padding 0)] Newline [0A] "\n"
