name "Node.js CI"

on push

job build {
  runs-on ubuntu-latest

  step <<<
    npm ci

  step <<<
    npm run build --if-present

  step <<<
    npm test
}

------------------------------------------------------------

   0:  6E 61 6D 65 20 22 4E 6F 64 65 2E 6A 73 20 43 49  [name "Node.js CI]
   1:  22 0A 0A 6F 6E 20 70 75 73 68 0A 0A 6A 6F 62 20  ["\n\non push\n\njob ]
   2:  62 75 69 6C 64 20 7B 0A 20 20 72 75 6E 73 2D 6F  [build {\n  runs-o]
   3:  6E 20 75 62 75 6E 74 75 2D 6C 61 74 65 73 74 0A  [n ubuntu-latest\n]
   4:  0A 20 20 73 74 65 70 20 3C 3C 3C 0A 20 20 20 20  [\n  step <<<\n    ]
   5:  6E 70 6D 20 63 69 0A 0A 20 20 73 74 65 70 20 3C  [npm ci\n\n  step <]
   6:  3C 3C 0A 20 20 20 20 6E 70 6D 20 72 75 6E 20 62  [<<\n    npm run b]
   7:  75 69 6C 64 20 2D 2D 69 66 2D 70 72 65 73 65 6E  [uild --if-presen]
   8:  74 0A 0A 20 20 73 74 65 70 20 3C 3C 3C 0A 20 20  [t\n\n  step <<<\n  ]
   9:  20 20 6E 70 6D 20 74 65 73 74 0A 7D 0A           [  npm test\n}\n]

------------------------------------------------------------

Document: [Offset 0 Len 165; Ln 1, Col 1 (Padding 0) -> Ln 14, Col 7 (Padding 0)]
  Directive#36: name [Offset 0 Len 17; Ln 1, Col 1 (Padding 0) -> Ln 1, Col 18 (Padding 0)]
  Name: [Offset 0 Len 4; Ln 1, Col 1 (Padding 0) -> Ln 1, Col 5 (Padding 0)] name
  Args:
    Arg: [Offset 5 Len 12; Ln 1, Col 6 (Padding 0) -> Ln 1, Col 18 (Padding 0)] Node.js CI
  Directive#37: on [Offset 19 Len 26; Ln 3, Col 1 (Padding 0) -> Ln 3, Col 8 (Padding 0)]
  Name: [Offset 19 Len 2; Ln 3, Col 1 (Padding 0) -> Ln 3, Col 3 (Padding 0)] on
  Args:
    Arg: [Offset 22 Len 4; Ln 3, Col 4 (Padding 0) -> Ln 3, Col 8 (Padding 0)] push
  Directive#40: job [Offset 28 Len 137; Ln 5, Col 1 (Padding 0) -> Ln 14, Col 7 (Padding 0)]
  Name: [Offset 28 Len 3; Ln 5, Col 1 (Padding 0) -> Ln 5, Col 4 (Padding 0)] job
  Args:
    Arg: [Offset 32 Len 5; Ln 5, Col 5 (Padding 0) -> Ln 5, Col 10 (Padding 0)] build
    Directive#38: runs-on [Offset 42 Len 63; Ln 6, Col 3 (Padding 2) -> Ln 6, Col 24 (Padding 2)]
    Name: [Offset 42 Len 7; Ln 6, Col 3 (Padding 2) -> Ln 6, Col 10 (Padding 2)] runs-on
    Args:
      Arg: [Offset 50 Len 13; Ln 6, Col 11 (Padding 2) -> Ln 6, Col 24 (Padding 2)] ubuntu-latest
    Directive#39: step [Offset 67 Len 137; Ln 8, Col 3 (Padding 2) -> Ln 14, Col 7 (Padding 2)]
    Name: [Offset 67 Len 4; Ln 8, Col 3 (Padding 2) -> Ln 8, Col 7 (Padding 2)] step
    Args:
      Arg: [Offset 90 Len 4; Ln 11, Col 3 (Padding 2) -> Ln 11, Col 7 (Padding 2)] step
      Arg: [Offset 133 Len 4; Ln 14, Col 3 (Padding 2) -> Ln 14, Col 7 (Padding 2)] step
