"tar\""

------------------------------------------------------------

   0:  22 74 61 72 5C 22 22                             ["tar\""]

------------------------------------------------------------

Token: [Offset 0 Len 7; Ln 1, Col 1 (Padding 0) -> Ln 1, Col 8 (Padding 0)] String "\"tar\\\"\""
  Part#1842: [Offset 0 Len 1; Ln 1, Col 1 (Padding 0) -> Ln 1, Col 2 (Padding 0)] DoubleQuote [22] "\""
  Part#1843: [Offset 1 Len 3; Ln 1, Col 2 (Padding 0) -> Ln 1, Col 5 (Padding 0)] Alphabet [74 61 72] "tar"
  Part#1844: [Offset 4 Len 1; Ln 1, Col 5 (Padding 0) -> Ln 1, Col 6 (Padding 0)] Unknown [5C] "\\"
  Part#1845: [Offset 5 Len 1; Ln 1, Col 6 (Padding 0) -> Ln 1, Col 7 (Padding 0)] DoubleQuote [22] "\""
  Part#1846: [Offset 6 Len 1; Ln 1, Col 7 (Padding 0) -> Ln 1, Col 8 (Padding 0)] DoubleQuote [22] "\""
