foo { tar }

------------------------------------------------------------

   0:  66 6F 6F 20 7B 20 74 61 72 20 7D                 [foo { tar }]

------------------------------------------------------------

Token: [Offset 0 Len 3; Ln 1, Col 1 (Padding 0) -> Ln 1, Col 4 (Padding 0)] Keyword "foo"
  Part#1642: [Offset 0 Len 3; Ln 1, Col 1 (Padding 0) -> Ln 1, Col 4 (Padding 0)] Alphabet [66 6F 6F] "foo"
Token: [Offset 3 Len 1; Ln 1, Col 4 (Padding 0) -> Ln 1, Col 5 (Padding 0)] Whitespace " "
  Part#1643: [Offset 3 Len 1; Ln 1, Col 4 (Padding 0) -> Ln 1, Col 5 (Padding 0)] Whitespace [20] " "
Token: [Offset 4 Len 1; Ln 1, Col 5 (Padding 0) -> Ln 1, Col 6 (Padding 0)] OpenCurlyBrace "{"
  Part#1644: [Offset 4 Len 1; Ln 1, Col 5 (Padding 0) -> Ln 1, Col 6 (Padding 0)] OpenCurlyBrace [7B] "{"
Token: [Offset 5 Len 1; Ln 1, Col 6 (Padding 0) -> Ln 1, Col 7 (Padding 0)] Whitespace " "
  Part#1645: [Offset 5 Len 1; Ln 1, Col 6 (Padding 0) -> Ln 1, Col 7 (Padding 0)] Whitespace [20] " "
Token: [Offset 6 Len 3; Ln 1, Col 7 (Padding 0) -> Ln 1, Col 10 (Padding 0)] Keyword "tar"
  Part#1646: [Offset 6 Len 3; Ln 1, Col 7 (Padding 0) -> Ln 1, Col 10 (Padding 0)] Alphabet [74 61 72] "tar"
Token: [Offset 9 Len 1; Ln 1, Col 10 (Padding 0) -> Ln 1, Col 11 (Padding 0)] Whitespace " "
  Part#1647: [Offset 9 Len 1; Ln 1, Col 10 (Padding 0) -> Ln 1, Col 11 (Padding 0)] Whitespace [20] " "
Token: [Offset 10 Len 1; Ln 1, Col 11 (Padding 0) -> Ln 1, Col 12 (Padding 0)] CloseCurlyBrace "}"
  Part#1648: [Offset 10 Len 1; Ln 1, Col 11 (Padding 0) -> Ln 1, Col 12 (Padding 0)] CloseCurlyBrace [7D] "}"
