fod 'foo <<<TAR
 tar' biz

------------------------------------------------------------

   0:  66 6F 64 20 27 66 6F 6F 20 3C 3C 3C 54 41 52 0A  [fod 'foo <<<TAR\n]
   1:  20 74 61 72 27 20 62 69 7A                       [ tar' biz]

------------------------------------------------------------

Token: [Offset 0 Len 3; Ln 1, Col 1 (Padding 0) -> Ln 1, Col 4 (Padding 0)] Keyword "fod"
  Part#369: [Offset 0 Len 3; Ln 1, Col 1 (Padding 0) -> Ln 1, Col 4 (Padding 0)] Alphabet [66 6F 64] "fod"
Token: [Offset 4 Len 11; Ln 1, Col 5 (Padding 0) -> Ln 1, Col 16 (Padding 0)] String "'foo <<<TAR" - SyntaxError: Unclosed string
  Part#371: [Offset 4 Len 1; Ln 1, Col 5 (Padding 0) -> Ln 1, Col 6 (Padding 0)] SingleQuote [27] "'"
  Part#372: [Offset 5 Len 3; Ln 1, Col 6 (Padding 0) -> Ln 1, Col 9 (Padding 0)] Alphabet [66 6F 6F] "foo"
  Part#373: [Offset 8 Len 1; Ln 1, Col 9 (Padding 0) -> Ln 1, Col 10 (Padding 0)] Whitespace [20] " "
  Part#374: [Offset 9 Len 1; Ln 1, Col 10 (Padding 0) -> Ln 1, Col 11 (Padding 0)] Unknown [3C] "<"
  Part#375: [Offset 10 Len 1; Ln 1, Col 11 (Padding 0) -> Ln 1, Col 12 (Padding 0)] Unknown [3C] "<"
  Part#376: [Offset 11 Len 1; Ln 1, Col 12 (Padding 0) -> Ln 1, Col 13 (Padding 0)] Unknown [3C] "<"
  Part#377: [Offset 12 Len 3; Ln 1, Col 13 (Padding 0) -> Ln 1, Col 16 (Padding 0)] Alphabet [54 41 52] "TAR"
Token: [Offset 15 Len 1; Ln 1, Col 16 (Padding 0) -> Ln 2, Col 1 (Padding 0)] Newline "\n"
  Part#378: [Offset 15 Len 1; Ln 1, Col 16 (Padding 0) -> Ln 2, Col 1 (Padding 0)] Newline [0A] "\n"
Token: [Offset 17 Len 4; Ln 2, Col 2 (Padding 1) -> Ln 2, Col 6 (Padding 1)] Keyword "tar'"
  Part#380: [Offset 17 Len 3; Ln 2, Col 2 (Padding 1) -> Ln 2, Col 5 (Padding 1)] Alphabet [74 61 72] "tar"
  Part#381: [Offset 20 Len 1; Ln 2, Col 5 (Padding 1) -> Ln 2, Col 6 (Padding 1)] SingleQuote [27] "'"
Token: [Offset 22 Len 3; Ln 2, Col 7 (Padding 1) -> Ln 2, Col 10 (Padding 1)] Keyword "biz"
  Part#383: [Offset 22 Len 3; Ln 2, Col 7 (Padding 1) -> Ln 2, Col 10 (Padding 1)] Alphabet [62 69 7A] "biz"
