foo
taz

------------------------------------------------------------

   0:  66 6F 6F 0A 74 61 7A                             [foo\ntaz]

------------------------------------------------------------

Token: [Offset 0 Len 3; Ln 1, Col 1 (Padding 0) -> Ln 1, Col 4 (Padding 0)] Keyword "foo"
  Part#96: [Offset 0 Len 3; Ln 1, Col 1 (Padding 0) -> Ln 1, Col 4 (Padding 0)] Alphabet [66 6F 6F] "foo"
Token: [Offset 3 Len 1; Ln 1, Col 4 (Padding 0) -> Ln 2, Col 1 (Padding 0)] Newline "\n"
  Part#97: [Offset 3 Len 1; Ln 1, Col 4 (Padding 0) -> Ln 2, Col 1 (Padding 0)] Newline [0A] "\n"
Token: [Offset 4 Len 3; Ln 2, Col 1 (Padding 0) -> Ln 2, Col 4 (Padding 0)] Keyword "taz"
  Part#98: [Offset 4 Len 3; Ln 2, Col 1 (Padding 0) -> Ln 2, Col 4 (Padding 0)] Alphabet [74 61 7A] "taz"
