foo {12.123}

------------------------------------------------------------

   0:  66 6F 6F 20 7B 31 32 2E 31 32 33 7D              [foo {12.123}]

------------------------------------------------------------

Part#1620: [Offset 0 Len 3; Ln 1, Col 1 (Padding 0) -> Ln 1, Col 4 (Padding 0)] Alphabet [66 6F 6F] "foo"
Part#1621: [Offset 3 Len 1; Ln 1, Col 4 (Padding 0) -> Ln 1, Col 5 (Padding 0)] Whitespace [20] " "
Part#1622: [Offset 4 Len 1; Ln 1, Col 5 (Padding 0) -> Ln 1, Col 6 (Padding 0)] OpenCurlyBrace [7B] "{"
Part#1623: [Offset 5 Len 2; Ln 1, Col 6 (Padding 0) -> Ln 1, Col 8 (Padding 0)] Int [31 32] "12"
Part#1624: [Offset 7 Len 1; Ln 1, Col 8 (Padding 0) -> Ln 1, Col 9 (Padding 0)] Dot [2E] "."
Part#1625: [Offset 8 Len 3; Ln 1, Col 9 (Padding 0) -> Ln 1, Col 12 (Padding 0)] Int [31 32 33] "123"
Part#1626: [Offset 11 Len 1; Ln 1, Col 12 (Padding 0) -> Ln 1, Col 13 (Padding 0)] CloseCurlyBrace [7D] "}"
