fod "foo \" tar" biz

------------------------------------------------------------

   0:  66 6F 64 20 22 66 6F 6F 20 5C 22 20 74 61 72 22  [fod "foo \" tar"]
   1:  20 62 69 7A                                      [ biz]

------------------------------------------------------------

Token: [Offset 0 Len 3; Ln 1, Col 1 (Padding 0) -> Ln 1, Col 4 (Padding 0)] Keyword "fod"
  Part#330: [Offset 0 Len 3; Ln 1, Col 1 (Padding 0) -> Ln 1, Col 4 (Padding 0)] Alphabet [66 6F 64] "fod"
Token: [Offset 4 Len 12; Ln 1, Col 5 (Padding 0) -> Ln 1, Col 17 (Padding 0)] String "\"foo \\\" tar\""
  Part#332: [Offset 4 Len 1; Ln 1, Col 5 (Padding 0) -> Ln 1, Col 6 (Padding 0)] DoubleQuote [22] "\""
  Part#333: [Offset 5 Len 3; Ln 1, Col 6 (Padding 0) -> Ln 1, Col 9 (Padding 0)] Alphabet [66 6F 6F] "foo"
  Part#334: [Offset 8 Len 1; Ln 1, Col 9 (Padding 0) -> Ln 1, Col 10 (Padding 0)] Whitespace [20] " "
  Part#335: [Offset 9 Len 1; Ln 1, Col 10 (Padding 0) -> Ln 1, Col 11 (Padding 0)] Unknown [5C] "\\"
  Part#336: [Offset 10 Len 1; Ln 1, Col 11 (Padding 0) -> Ln 1, Col 12 (Padding 0)] DoubleQuote [22] "\""
  Part#337: [Offset 11 Len 1; Ln 1, Col 12 (Padding 0) -> Ln 1, Col 13 (Padding 0)] Whitespace [20] " "
  Part#338: [Offset 12 Len 3; Ln 1, Col 13 (Padding 0) -> Ln 1, Col 16 (Padding 0)] Alphabet [74 61 72] "tar"
  Part#339: [Offset 15 Len 1; Ln 1, Col 16 (Padding 0) -> Ln 1, Col 17 (Padding 0)] DoubleQuote [22] "\""
Token: [Offset 17 Len 3; Ln 1, Col 18 (Padding 0) -> Ln 1, Col 21 (Padding 0)] Keyword "biz"
  Part#341: [Offset 17 Len 3; Ln 1, Col 18 (Padding 0) -> Ln 1, Col 21 (Padding 0)] Alphabet [62 69 7A] "biz"
