





------------------------------------------------------------

   0:  0A 0A 0A 0A                                      [\n\n\n\n]

------------------------------------------------------------

Token: [Offset 0 Len 4; Ln 1, Col 1 (Padding 0) -> Ln 5, Col 1 (Padding 0)] Newline "\n\n\n\n"
  Part#1678: [Offset 0 Len 4; Ln 1, Col 1 (Padding 0) -> Ln 5, Col 1 (Padding 0)] Newline [0A 0A 0A 0A] "\n\n\n\n"
