directive foo {
  directive2 taz lip {
    directive4
  }
  directive3 bob
}
bliz tar


------------------------------------------------------------

   0:  64 69 72 65 63 74 69 76 65 20 66 6F 6F 20 7B 0A  [directive foo {\n]
   1:  20 20 64 69 72 65 63 74 69 76 65 32 20 74 61 7A  [  directive2 taz]
   2:  20 6C 69 70 20 7B 0A 20 20 20 20 64 69 72 65 63  [ lip {\n    direc]
   3:  74 69 76 65 34 0A 20 20 7D 0A 20 20 64 69 72 65  [tive4\n  }\n  dire]
   4:  63 74 69 76 65 33 20 62 6F 62 0A 7D 0A 62 6C 69  [ctive3 bob\n}\nbli]
   5:  7A 20 74 61 72 0A                                [z tar\n]

------------------------------------------------------------

Token: [Offset 0 Len 9; Ln 1, Col 1 (Padding 0) -> Ln 1, Col 10 (Padding 0)] Keyword "directive"
  Part#1050: [Offset 0 Len 9; Ln 1, Col 1 (Padding 0) -> Ln 1, Col 10 (Padding 0)] Alphabet [64 69 72 65 63 74 69 76 65] "directive"
Token: [Offset 10 Len 3; Ln 1, Col 11 (Padding 0) -> Ln 1, Col 14 (Padding 0)] Keyword "foo"
  Part#1052: [Offset 10 Len 3; Ln 1, Col 11 (Padding 0) -> Ln 1, Col 14 (Padding 0)] Alphabet [66 6F 6F] "foo"
Token: [Offset 14 Len 1; Ln 1, Col 15 (Padding 0) -> Ln 1, Col 16 (Padding 0)] OpenCurlyBrace "{"
  Part#1054: [Offset 14 Len 1; Ln 1, Col 15 (Padding 0) -> Ln 1, Col 16 (Padding 0)] OpenCurlyBrace [7B] "{"
Token: [Offset 15 Len 1; Ln 1, Col 16 (Padding 0) -> Ln 2, Col 1 (Padding 0)] Newline "\n"
  Part#1055: [Offset 15 Len 1; Ln 1, Col 16 (Padding 0) -> Ln 2, Col 1 (Padding 0)] Newline [0A] "\n"
Token: [Offset 18 Len 10; Ln 2, Col 3 (Padding 2) -> Ln 2, Col 13 (Padding 2)] Keyword "directive2"
  Part#1057: [Offset 18 Len 9; Ln 2, Col 3 (Padding 2) -> Ln 2, Col 12 (Padding 2)] Alphabet [64 69 72 65 63 74 69 76 65] "directive"
  Part#1058: [Offset 27 Len 1; Ln 2, Col 12 (Padding 2) -> Ln 2, Col 13 (Padding 2)] Int [32] "2"
Token: [Offset 29 Len 3; Ln 2, Col 14 (Padding 2) -> Ln 2, Col 17 (Padding 2)] Keyword "taz"
  Part#1060: [Offset 29 Len 3; Ln 2, Col 14 (Padding 2) -> Ln 2, Col 17 (Padding 2)] Alphabet [74 61 7A] "taz"
Token: [Offset 33 Len 3; Ln 2, Col 18 (Padding 2) -> Ln 2, Col 21 (Padding 2)] Keyword "lip"
  Part#1062: [Offset 33 Len 3; Ln 2, Col 18 (Padding 2) -> Ln 2, Col 21 (Padding 2)] Alphabet [6C 69 70] "lip"
Token: [Offset 37 Len 1; Ln 2, Col 22 (Padding 2) -> Ln 2, Col 23 (Padding 2)] OpenCurlyBrace "{"
  Part#1064: [Offset 37 Len 1; Ln 2, Col 22 (Padding 2) -> Ln 2, Col 23 (Padding 2)] OpenCurlyBrace [7B] "{"
Token: [Offset 38 Len 1; Ln 2, Col 23 (Padding 2) -> Ln 3, Col 1 (Padding 2)] Newline "\n"
  Part#1065: [Offset 38 Len 1; Ln 2, Col 23 (Padding 2) -> Ln 3, Col 1 (Padding 2)] Newline [0A] "\n"
Token: [Offset 43 Len 10; Ln 3, Col 5 (Padding 4) -> Ln 3, Col 15 (Padding 4)] Keyword "directive4"
  Part#1067: [Offset 43 Len 9; Ln 3, Col 5 (Padding 4) -> Ln 3, Col 14 (Padding 4)] Alphabet [64 69 72 65 63 74 69 76 65] "directive"
  Part#1068: [Offset 52 Len 1; Ln 3, Col 14 (Padding 4) -> Ln 3, Col 15 (Padding 4)] Int [34] "4"
Token: [Offset 53 Len 1; Ln 3, Col 15 (Padding 4) -> Ln 4, Col 1 (Padding 4)] Newline "\n"
  Part#1069: [Offset 53 Len 1; Ln 3, Col 15 (Padding 4) -> Ln 4, Col 1 (Padding 4)] Newline [0A] "\n"
Token: [Offset 56 Len 1; Ln 4, Col 3 (Padding 2) -> Ln 4, Col 4 (Padding 2)] CloseCurlyBrace "}"
  Part#1071: [Offset 56 Len 1; Ln 4, Col 3 (Padding 2) -> Ln 4, Col 4 (Padding 2)] CloseCurlyBrace [7D] "}"
Token: [Offset 57 Len 1; Ln 4, Col 4 (Padding 2) -> Ln 5, Col 1 (Padding 2)] Newline "\n"
  Part#1072: [Offset 57 Len 1; Ln 4, Col 4 (Padding 2) -> Ln 5, Col 1 (Padding 2)] Newline [0A] "\n"
Token: [Offset 60 Len 10; Ln 5, Col 3 (Padding 2) -> Ln 5, Col 13 (Padding 2)] Keyword "directive3"
  Part#1074: [Offset 60 Len 9; Ln 5, Col 3 (Padding 2) -> Ln 5, Col 12 (Padding 2)] Alphabet [64 69 72 65 63 74 69 76 65] "directive"
  Part#1075: [Offset 69 Len 1; Ln 5, Col 12 (Padding 2) -> Ln 5, Col 13 (Padding 2)] Int [33] "3"
Token: [Offset 71 Len 3; Ln 5, Col 14 (Padding 2) -> Ln 5, Col 17 (Padding 2)] Keyword "bob"
  Part#1077: [Offset 71 Len 3; Ln 5, Col 14 (Padding 2) -> Ln 5, Col 17 (Padding 2)] Alphabet [62 6F 62] "bob"
Token: [Offset 74 Len 1; Ln 5, Col 17 (Padding 2) -> Ln 6, Col 1 (Padding 2)] Newline "\n"
  Part#1078: [Offset 74 Len 1; Ln 5, Col 17 (Padding 2) -> Ln 6, Col 1 (Padding 2)] Newline [0A] "\n"
Token: [Offset 75 Len 1; Ln 6, Col 1 (Padding 0) -> Ln 6, Col 2 (Padding 0)] CloseCurlyBrace "}"
  Part#1079: [Offset 75 Len 1; Ln 6, Col 1 (Padding 0) -> Ln 6, Col 2 (Padding 0)] CloseCurlyBrace [7D] "}"
Token: [Offset 76 Len 1; Ln 6, Col 2 (Padding 0) -> Ln 7, Col 1 (Padding 0)] Newline "\n"
  Part#1080: [Offset 76 Len 1; Ln 6, Col 2 (Padding 0) -> Ln 7, Col 1 (Padding 0)] Newline [0A] "\n"
Token: [Offset 77 Len 4; Ln 7, Col 1 (Padding 0) -> Ln 7, Col 5 (Padding 0)] Keyword "bliz"
  Part#1081: [Offset 77 Len 4; Ln 7, Col 1 (Padding 0) -> Ln 7, Col 5 (Padding 0)] Alphabet [62 6C 69 7A] "bliz"
Token: [Offset 82 Len 3; Ln 7, Col 6 (Padding 0) -> Ln 7, Col 9 (Padding 0)] Keyword "tar"
  Part#1083: [Offset 82 Len 3; Ln 7, Col 6 (Padding 0) -> Ln 7, Col 9 (Padding 0)] Alphabet [74 61 72] "tar"
Token: [Offset 85 Len 1; Ln 7, Col 9 (Padding 0) -> Ln 8, Col 1 (Padding 0)] Newline "\n"
  Part#1084: [Offset 85 Len 1; Ln 7, Col 9 (Padding 0) -> Ln 8, Col 1 (Padding 0)] Newline [0A] "\n"
