{12.123}

------------------------------------------------------------

   0:  7B 31 32 2E 31 32 33 7D                          [{12.123}]

------------------------------------------------------------

Part#81: [Offset 0 Len 1; Ln 1, Col 1 (Padding 0) -> Ln 1, Col 2 (Padding 0)] OpenCurlyBrace [7B] "{"
Part#82: [Offset 1 Len 2; Ln 1, Col 2 (Padding 0) -> Ln 1, Col 4 (Padding 0)] Int [31 32] "12"
Part#83: [Offset 3 Len 1; Ln 1, Col 4 (Padding 0) -> Ln 1, Col 5 (Padding 0)] Dot [2E] "."
Part#84: [Offset 4 Len 3; Ln 1, Col 5 (Padding 0) -> Ln 1, Col 8 (Padding 0)] Int [31 32 33] "123"
Part#85: [Offset 7 Len 1; Ln 1, Col 8 (Padding 0) -> Ln 1, Col 9 (Padding 0)] CloseCurlyBrace [7D] "}"
