example.com {
  reverse_proxy 127.0.0.1:3000
  tls admin@example.com
  acme_dns cloudflare
  log {
    output file /var/log/caddy/access.log
    format json
  }
}


------------------------------------------------------------

   0:  65 78 61 6D 70 6C 65 2E 63 6F 6D 20 7B 0A 20 20  [example.com {\n  ]
   1:  72 65 76 65 72 73 65 5F 70 72 6F 78 79 20 31 32  [reverse_proxy 12]
   2:  37 2E 30 2E 30 2E 31 3A 33 30 30 30 0A 20 20 74  [7.0.0.1:3000\n  t]
   3:  6C 73 20 61 64 6D 69 6E 40 65 78 61 6D 70 6C 65  [ls admin@example]
   4:  2E 63 6F 6D 0A 20 20 61 63 6D 65 5F 64 6E 73 20  [.com\n  acme_dns ]
   5:  63 6C 6F 75 64 66 6C 61 72 65 0A 20 20 6C 6F 67  [cloudflare\n  log]
   6:  20 7B 0A 20 20 20 20 6F 75 74 70 75 74 20 66 69  [ {\n    output fi]
   7:  6C 65 20 2F 76 61 72 2F 6C 6F 67 2F 63 61 64 64  [le /var/log/cadd]
   8:  79 2F 61 63 63 65 73 73 2E 6C 6F 67 0A 20 20 20  [y/access.log\n   ]
   9:  20 66 6F 72 6D 61 74 20 6A 73 6F 6E 0A 20 20 7D  [ format json\n  }]
  10:  0A 7D 0A                                         [\n}\n]

------------------------------------------------------------

Token: [Offset 0 Len 11; Ln 1, Col 1 (Padding 0) -> Ln 1, Col 12 (Padding 0)] Keyword "example.com"
  Part#1120: [Offset 0 Len 7; Ln 1, Col 1 (Padding 0) -> Ln 1, Col 8 (Padding 0)] Alphabet [65 78 61 6D 70 6C 65] "example"
  Part#1121: [Offset 7 Len 1; Ln 1, Col 8 (Padding 0) -> Ln 1, Col 9 (Padding 0)] Dot [2E] "."
  Part#1122: [Offset 8 Len 3; Ln 1, Col 9 (Padding 0) -> Ln 1, Col 12 (Padding 0)] Alphabet [63 6F 6D] "com"
Token: [Offset 12 Len 1; Ln 1, Col 13 (Padding 0) -> Ln 1, Col 14 (Padding 0)] OpenCurlyBrace "{"
  Part#1124: [Offset 12 Len 1; Ln 1, Col 13 (Padding 0) -> Ln 1, Col 14 (Padding 0)] OpenCurlyBrace [7B] "{"
Token: [Offset 13 Len 1; Ln 1, Col 14 (Padding 0) -> Ln 2, Col 1 (Padding 0)] Newline "\n"
  Part#1125: [Offset 13 Len 1; Ln 1, Col 14 (Padding 0) -> Ln 2, Col 1 (Padding 0)] Newline [0A] "\n"
Token: [Offset 16 Len 13; Ln 2, Col 3 (Padding 2) -> Ln 2, Col 16 (Padding 2)] Keyword "reverse_proxy"
  Part#1127: [Offset 16 Len 7; Ln 2, Col 3 (Padding 2) -> Ln 2, Col 10 (Padding 2)] Alphabet [72 65 76 65 72 73 65] "reverse"
  Part#1128: [Offset 23 Len 1; Ln 2, Col 10 (Padding 2) -> Ln 2, Col 11 (Padding 2)] underscore [5F] "_"
  Part#1129: [Offset 24 Len 5; Ln 2, Col 11 (Padding 2) -> Ln 2, Col 16 (Padding 2)] Alphabet [70 72 6F 78 79] "proxy"
Token: [Offset 30 Len 14; Ln 2, Col 17 (Padding 2) -> Ln 2, Col 31 (Padding 2)] Keyword "127.0.0.1:3000"
  Part#1131: [Offset 30 Len 3; Ln 2, Col 17 (Padding 2) -> Ln 2, Col 20 (Padding 2)] Int [31 32 37] "127"
  Part#1132: [Offset 33 Len 1; Ln 2, Col 20 (Padding 2) -> Ln 2, Col 21 (Padding 2)] Dot [2E] "."
  Part#1133: [Offset 34 Len 1; Ln 2, Col 21 (Padding 2) -> Ln 2, Col 22 (Padding 2)] Int [30] "0"
  Part#1134: [Offset 35 Len 1; Ln 2, Col 22 (Padding 2) -> Ln 2, Col 23 (Padding 2)] Dot [2E] "."
  Part#1135: [Offset 36 Len 1; Ln 2, Col 23 (Padding 2) -> Ln 2, Col 24 (Padding 2)] Int [30] "0"
  Part#1136: [Offset 37 Len 1; Ln 2, Col 24 (Padding 2) -> Ln 2, Col 25 (Padding 2)] Dot [2E] "."
  Part#1137: [Offset 38 Len 1; Ln 2, Col 25 (Padding 2) -> Ln 2, Col 26 (Padding 2)] Int [31] "1"
  Part#1138: [Offset 39 Len 1; Ln 2, Col 26 (Padding 2) -> Ln 2, Col 27 (Padding 2)] Unknown [3A] ":"
  Part#1139: [Offset 40 Len 4; Ln 2, Col 27 (Padding 2) -> Ln 2, Col 31 (Padding 2)] Int [33 30 30 30] "3000"
Token: [Offset 44 Len 1; Ln 2, Col 31 (Padding 2) -> Ln 3, Col 1 (Padding 2)] Newline "\n"
  Part#1140: [Offset 44 Len 1; Ln 2, Col 31 (Padding 2) -> Ln 3, Col 1 (Padding 2)] Newline [0A] "\n"
Token: [Offset 47 Len 3; Ln 3, Col 3 (Padding 2) -> Ln 3, Col 6 (Padding 2)] Keyword "tls"
  Part#1142: [Offset 47 Len 3; Ln 3, Col 3 (Padding 2) -> Ln 3, Col 6 (Padding 2)] Alphabet [74 6C 73] "tls"
Token: [Offset 51 Len 17; Ln 3, Col 7 (Padding 2) -> Ln 3, Col 24 (Padding 2)] Keyword "admin@example.com"
  Part#1144: [Offset 51 Len 5; Ln 3, Col 7 (Padding 2) -> Ln 3, Col 12 (Padding 2)] Alphabet [61 64 6D 69 6E] "admin"
  Part#1145: [Offset 56 Len 1; Ln 3, Col 12 (Padding 2) -> Ln 3, Col 13 (Padding 2)] Unknown [40] "@"
  Part#1146: [Offset 57 Len 7; Ln 3, Col 13 (Padding 2) -> Ln 3, Col 20 (Padding 2)] Alphabet [65 78 61 6D 70 6C 65] "example"
  Part#1147: [Offset 64 Len 1; Ln 3, Col 20 (Padding 2) -> Ln 3, Col 21 (Padding 2)] Dot [2E] "."
  Part#1148: [Offset 65 Len 3; Ln 3, Col 21 (Padding 2) -> Ln 3, Col 24 (Padding 2)] Alphabet [63 6F 6D] "com"
Token: [Offset 68 Len 1; Ln 3, Col 24 (Padding 2) -> Ln 4, Col 1 (Padding 2)] Newline "\n"
  Part#1149: [Offset 68 Len 1; Ln 3, Col 24 (Padding 2) -> Ln 4, Col 1 (Padding 2)] Newline [0A] "\n"
Token: [Offset 71 Len 8; Ln 4, Col 3 (Padding 2) -> Ln 4, Col 11 (Padding 2)] Keyword "acme_dns"
  Part#1151: [Offset 71 Len 4; Ln 4, Col 3 (Padding 2) -> Ln 4, Col 7 (Padding 2)] Alphabet [61 63 6D 65] "acme"
  Part#1152: [Offset 75 Len 1; Ln 4, Col 7 (Padding 2) -> Ln 4, Col 8 (Padding 2)] underscore [5F] "_"
  Part#1153: [Offset 76 Len 3; Ln 4, Col 8 (Padding 2) -> Ln 4, Col 11 (Padding 2)] Alphabet [64 6E 73] "dns"
Token: [Offset 80 Len 10; Ln 4, Col 12 (Padding 2) -> Ln 4, Col 22 (Padding 2)] Keyword "cloudflare"
  Part#1155: [Offset 80 Len 10; Ln 4, Col 12 (Padding 2) -> Ln 4, Col 22 (Padding 2)] Alphabet [63 6C 6F 75 64 66 6C 61 72 65] "cloudflare"
Token: [Offset 90 Len 1; Ln 4, Col 22 (Padding 2) -> Ln 5, Col 1 (Padding 2)] Newline "\n"
  Part#1156: [Offset 90 Len 1; Ln 4, Col 22 (Padding 2) -> Ln 5, Col 1 (Padding 2)] Newline [0A] "\n"
Token: [Offset 93 Len 3; Ln 5, Col 3 (Padding 2) -> Ln 5, Col 6 (Padding 2)] Keyword "log"
  Part#1158: [Offset 93 Len 3; Ln 5, Col 3 (Padding 2) -> Ln 5, Col 6 (Padding 2)] Alphabet [6C 6F 67] "log"
Token: [Offset 97 Len 1; Ln 5, Col 7 (Padding 2) -> Ln 5, Col 8 (Padding 2)] OpenCurlyBrace "{"
  Part#1160: [Offset 97 Len 1; Ln 5, Col 7 (Padding 2) -> Ln 5, Col 8 (Padding 2)] OpenCurlyBrace [7B] "{"
Token: [Offset 98 Len 1; Ln 5, Col 8 (Padding 2) -> Ln 6, Col 1 (Padding 2)] Newline "\n"
  Part#1161: [Offset 98 Len 1; Ln 5, Col 8 (Padding 2) -> Ln 6, Col 1 (Padding 2)] Newline [0A] "\n"
Token: [Offset 103 Len 6; Ln 6, Col 5 (Padding 4) -> Ln 6, Col 11 (Padding 4)] Keyword "output"
  Part#1163: [Offset 103 Len 6; Ln 6, Col 5 (Padding 4) -> Ln 6, Col 11 (Padding 4)] Alphabet [6F 75 74 70 75 74] "output"
Token: [Offset 110 Len 4; Ln 6, Col 12 (Padding 4) -> Ln 6, Col 16 (Padding 4)] Keyword "file"
  Part#1165: [Offset 110 Len 4; Ln 6, Col 12 (Padding 4) -> Ln 6, Col 16 (Padding 4)] Alphabet [66 69 6C 65] "file"
Token: [Offset 115 Len 25; Ln 6, Col 17 (Padding 4) -> Ln 6, Col 42 (Padding 4)] Keyword "/var/log/caddy/access.log"
  Part#1167: [Offset 115 Len 1; Ln 6, Col 17 (Padding 4) -> Ln 6, Col 18 (Padding 4)] Unknown [2F] "/"
  Part#1168: [Offset 116 Len 3; Ln 6, Col 18 (Padding 4) -> Ln 6, Col 21 (Padding 4)] Alphabet [76 61 72] "var"
  Part#1169: [Offset 119 Len 1; Ln 6, Col 21 (Padding 4) -> Ln 6, Col 22 (Padding 4)] Unknown [2F] "/"
  Part#1170: [Offset 120 Len 3; Ln 6, Col 22 (Padding 4) -> Ln 6, Col 25 (Padding 4)] Alphabet [6C 6F 67] "log"
  Part#1171: [Offset 123 Len 1; Ln 6, Col 25 (Padding 4) -> Ln 6, Col 26 (Padding 4)] Unknown [2F] "/"
  Part#1172: [Offset 124 Len 5; Ln 6, Col 26 (Padding 4) -> Ln 6, Col 31 (Padding 4)] Alphabet [63 61 64 64 79] "caddy"
  Part#1173: [Offset 129 Len 1; Ln 6, Col 31 (Padding 4) -> Ln 6, Col 32 (Padding 4)] Unknown [2F] "/"
  Part#1174: [Offset 130 Len 6; Ln 6, Col 32 (Padding 4) -> Ln 6, Col 38 (Padding 4)] Alphabet [61 63 63 65 73 73] "access"
  Part#1175: [Offset 136 Len 1; Ln 6, Col 38 (Padding 4) -> Ln 6, Col 39 (Padding 4)] Dot [2E] "."
  Part#1176: [Offset 137 Len 3; Ln 6, Col 39 (Padding 4) -> Ln 6, Col 42 (Padding 4)] Alphabet [6C 6F 67] "log"
Token: [Offset 140 Len 1; Ln 6, Col 42 (Padding 4) -> Ln 7, Col 1 (Padding 4)] Newline "\n"
  Part#1177: [Offset 140 Len 1; Ln 6, Col 42 (Padding 4) -> Ln 7, Col 1 (Padding 4)] Newline [0A] "\n"
Token: [Offset 145 Len 6; Ln 7, Col 5 (Padding 4) -> Ln 7, Col 11 (Padding 4)] Keyword "format"
  Part#1179: [Offset 145 Len 6; Ln 7, Col 5 (Padding 4) -> Ln 7, Col 11 (Padding 4)] Alphabet [66 6F 72 6D 61 74] "format"
Token: [Offset 152 Len 4; Ln 7, Col 12 (Padding 4) -> Ln 7, Col 16 (Padding 4)] Keyword "json"
  Part#1181: [Offset 152 Len 4; Ln 7, Col 12 (Padding 4) -> Ln 7, Col 16 (Padding 4)] Alphabet [6A 73 6F 6E] "json"
Token: [Offset 156 Len 1; Ln 7, Col 16 (Padding 4) -> Ln 8, Col 1 (Padding 4)] Newline "\n"
  Part#1182: [Offset 156 Len 1; Ln 7, Col 16 (Padding 4) -> Ln 8, Col 1 (Padding 4)] Newline [0A] "\n"
Token: [Offset 159 Len 1; Ln 8, Col 3 (Padding 2) -> Ln 8, Col 4 (Padding 2)] CloseCurlyBrace "}"
  Part#1184: [Offset 159 Len 1; Ln 8, Col 3 (Padding 2) -> Ln 8, Col 4 (Padding 2)] CloseCurlyBrace [7D] "}"
Token: [Offset 160 Len 1; Ln 8, Col 4 (Padding 2) -> Ln 9, Col 1 (Padding 2)] Newline "\n"
  Part#1185: [Offset 160 Len 1; Ln 8, Col 4 (Padding 2) -> Ln 9, Col 1 (Padding 2)] Newline [0A] "\n"
Token: [Offset 161 Len 1; Ln 9, Col 1 (Padding 0) -> Ln 9, Col 2 (Padding 0)] CloseCurlyBrace "}"
  Part#1186: [Offset 161 Len 1; Ln 9, Col 1 (Padding 0) -> Ln 9, Col 2 (Padding 0)] CloseCurlyBrace [7D] "}"
Token: [Offset 162 Len 1; Ln 9, Col 2 (Padding 0) -> Ln 10, Col 1 (Padding 0)] Newline "\n"
  Part#1187: [Offset 162 Len 1; Ln 9, Col 2 (Padding 0) -> Ln 10, Col 1 (Padding 0)] Newline [0A] "\n"
