'foo biz'

------------------------------------------------------------

   0:  27 66 6F 6F 20 62 69 7A 27                       ['foo biz']

------------------------------------------------------------

Token: [Offset 0 Len 9; Ln 1, Col 1 (Padding 0) -> Ln 1, Col 10 (Padding 0)] String "'foo biz'"
  Part#298: [Offset 0 Len 1; Ln 1, Col 1 (Padding 0) -> Ln 1, Col 2 (Padding 0)] SingleQuote [27] "'"
  Part#299: [Offset 1 Len 3; Ln 1, Col 2 (Padding 0) -> Ln 1, Col 5 (Padding 0)] Alphabet [66 6F 6F] "foo"
  Part#300: [Offset 4 Len 1; Ln 1, Col 5 (Padding 0) -> Ln 1, Col 6 (Padding 0)] Whitespace [20] " "
  Part#301: [Offset 5 Len 3; Ln 1, Col 6 (Padding 0) -> Ln 1, Col 9 (Padding 0)] Alphabet [62 69 7A] "biz"
  Part#302: [Offset 8 Len 1; Ln 1, Col 9 (Padding 0) -> Ln 1, Col 10 (Padding 0)] SingleQuote [27] "'"
